// Jest Snapshot v1, https://goo.gl/fbAQLP

exports[`EntitiesToggleControl renders correctly 1`] = `
<div
  class="test-class kensaku-toggle-control"
>
  <div
    class="kensaku-toggle-control-item kensaku-toggle-control-item--1"
  >
    <label
      for=":r0:"
    >
      <input
        checked=""
        class="kensaku-toggle-control-item__input-1"
        id=":r0:"
        type="checkbox"
        value="1"
      />
      Option 1
    </label>
  </div>
  <div
    class="kensaku-toggle-control-item kensaku-toggle-control-item--2"
  >
    <label
      for=":r1:"
    >
      <input
        class="kensaku-toggle-control-item__input-2"
        id=":r1:"
        type="checkbox"
        value="2"
      />
      Option 2
    </label>
  </div>
  <div
    class="kensaku-toggle-control-item kensaku-toggle-control-item--3"
  >
    <label
      for=":r2:"
    >
      <input
        class="kensaku-toggle-control-item__input-3"
        id=":r2:"
        type="checkbox"
        value="3"
      />
      Option 3
    </label>
  </div>
</div>
`;

exports[`EntitiesToggleControl renders the NoOptionsMessage when there are no options 1`] = `
<p
  class="kensaku-no-option-message"
>
  No options
</p>
`;
